duplicate_binding.carp:5:9 Duplicate binding `x` inside `let`.
