no_forms_in_match.carp:4:3 I encountered a `match` without forms
