return_ref_in_let.carp:4:3 The reference '(let [xs (ref [1 2 3])] xs)' isn't alive.
