uneven_nr_of_forms_in_match.carp:4:3 I encountered an odd number of forms inside a `match`
