 Inferred Macro, can't unify with Bool.
wrong_sig_for_def.carp:4:1 Inferred Bool, can't unify with Int.
