101
101
[11 21 31 41 51]
[11 21 31 41 51]
[11 21 31 41 51]
[11 21 31 41 51]
