no_matching_instance.carp:12:14 Can't find matching lookup for symbol 'some-interface' of type (λ [Float] Bool)
None of the possibilities have the correct signature:
    A.some-interface : (λ [Int] Bool)
