return_ref_to_function_result.carp:6:1 The reference '(defn f [] (ref (make-data)))' isn't alive.
