trick_resolution.carp:7:14 Can't find matching lookup for symbol 'blurgh' of type (Fn [(Ref String t3)] Bool)
None of the possibilities have the correct signature:
    A.blurgh : (Fn [Int] Bool)
    B.blurgh : (Fn [Float] Bool)
