use-ref-arg-after-free.carp:6:17 The reference 'r' isn't alive.
