use_ref_after_free.carp:7:17 The reference 'r' isn't alive.
